// Jest Snapshot v1, https://goo.gl/fbAQLP

exports[`QueryBuilder: Filter Labels it should render FilterLabel 1`] = `
<DocumentFragment>
  .c0 {
  padding: 0 0.6875rem;
  min-height: 2rem;
  width: 100%;
  display: -webkit-inline-box;
  display: -webkit-inline-flex;
  display: -ms-inline-flexbox;
  display: inline-flex;
  white-space: nowrap;
  -webkit-align-items: center;
  -webkit-box-align: center;
  -ms-flex-align: center;
  align-items: center;
  border-radius: 0.125rem;
  border: 0.0625rem solid #434343;
  background-color: #141414;
}

<div
    class="c0"
  >
    Filter label text
  </div>
</DocumentFragment>
`;
